******************************************************************************
                  TI ARM Linker PC v20.2.7                     
******************************************************************************
>> Linked Thu Jan  4 10:58:06 2024

OUTPUT FILE NAME:   <MSP432_Launchpad_IR_Bose_Remote.out>
ENTRY POINT SYMBOL: "_c_int00_noargs"  address: 00000a55


MEMORY CONFIGURATION

         name            origin    length      used     unused   attr    fill
----------------------  --------  ---------  --------  --------  ----  --------
  MAIN                  00000000   00040000  00000b5c  0003f4a4  R  X
  INFO                  00200000   00004000  00000000  00004000  R  X
  SRAM_CODE             01000000   00010000  00000220  0000fde0  RW X
  SRAM_DATA             20000000   00010000  00000220  0000fde0  RW  


SEGMENT ALLOCATION MAP

run origin  load origin   length   init length attrs members
----------  ----------- ---------- ----------- ----- -------
00000000    00000000    00000b60   00000b60    r-x
  00000000    00000000    000000e4   000000e4    r-- .intvecs
  000000e4    000000e4    000009c8   000009c8    r-x .text
  00000aac    00000aac    00000090   00000090    r-- .const
  00000b40    00000b40    00000020   00000020    r-- .cinit
20000000    20000000    00000020   00000000    rw-
  20000000    20000000    00000020   00000000    rw- .data
2000fe00    2000fe00    00000200   00000000    rw-
  2000fe00    2000fe00    00000200   00000000    rw- .stack


SECTION ALLOCATION MAP

 output                                  attributes/
section   page    origin      length       input sections
--------  ----  ----------  ----------   ----------------
.intvecs   0    00000000    000000e4     
                  00000000    000000e4     startup_msp432p401r_ccs.obj (.intvecs:retain)

.text      0    000000e4    000009c8     
                  000000e4    00000334     system_msp432p401r.obj (.text)
                  00000418    000002ac     IRSubAssyRemote.obj (.text)
                  000006c4    000001e0     Clock.obj (.text)
                  000008a4    0000009c     rtsv7M4_T_le_v4SPD16_eabi.lib : memcpy_t2.asm.obj (.text)
                  00000940    00000068                                   : copy_decompress_lzss.c.obj (.text:decompress:lzss:__TI_decompress_lzss)
                  000009a8    00000068     main.obj (.text)
                  00000a10    00000044     rtsv7M4_T_le_v4SPD16_eabi.lib : autoinit.c.obj (.text:__TI_auto_init_nobinit_nopinit:__TI_auto_init_nobinit_nopinit)
                  00000a54    00000034                                   : boot_cortex_m.c.obj (.text:_c_int00_noargs:_c_int00_noargs)
                  00000a88    0000000e                                   : copy_decompress_none.c.obj (.text:decompress:none:__TI_decompress_none)
                  00000a96    0000000e     startup_msp432p401r_ccs.obj (.text)
                  00000aa4    00000004     rtsv7M4_T_le_v4SPD16_eabi.lib : pre_init.c.obj (.text:_system_pre_init)
                  00000aa8    00000004                                   : exit.c.obj (.text:abort:abort)

.const     0    00000aac    00000090     
                  00000aac    00000090     main.obj (.const:SamsungTVPronto_PwrToggle)

.cinit     0    00000b40    00000020     
                  00000b40    0000000d     (.cinit..data.load) [load image, compression = lzss]
                  00000b4d    00000003     --HOLE-- [fill = 0]
                  00000b50    00000008     (__TI_handler_table)
                  00000b58    00000008     (__TI_cinit_table)

.init_array 
*          0    00000000    00000000     UNINITIALIZED

.binit     0    00000000    00000000     

.data      0    20000000    00000020     UNINITIALIZED
                  20000000    00000018     Clock.obj (.data)
                  20000018    00000004     IRSubAssyRemote.obj (.data)
                  2000001c    00000004     system_msp432p401r.obj (.data)

.stack     0    2000fe00    00000200     UNINITIALIZED
                  2000fe00    00000004     rtsv7M4_T_le_v4SPD16_eabi.lib : boot_cortex_m.c.obj (.stack)
                  2000fe04    000001fc     --HOLE--

__llvm_prf_cnts 
*          0    20000000    00000000     UNINITIALIZED

MODULE SUMMARY

       Module                        code   ro data   rw data
       ------                        ----   -------   -------
    .\
       system_msp432p401r.obj        820    0         8      
       IRSubAssyRemote.obj           684    0         8      
       Clock.obj                     480    0         48     
       main.obj                      104    144       0      
       startup_msp432p401r_ccs.obj   14     228       0      
    +--+-----------------------------+------+---------+---------+
       Total:                        2102   372       64     
                                                             
    C:\ti\ccs1240\ccs\tools\compiler\ti-cgt-arm_20.2.7.LTS\lib\rtsv7M4_T_le_v4SPD16_eabi.lib
       memcpy_t2.asm.obj             156    0         0      
       copy_decompress_lzss.c.obj    104    0         0      
       autoinit.c.obj                68     0         0      
       boot_cortex_m.c.obj           52     0         0      
       copy_decompress_none.c.obj    14     0         0      
       exit.c.obj                    4      0         0      
       pre_init.c.obj                4      0         0      
    +--+-----------------------------+------+---------+---------+
       Total:                        402    0         0      
                                                             
       Stack:                        0      0         1024   
       Linker Generated:             0      29        0      
    +--+-----------------------------+------+---------+---------+
       Grand Total:                  2504   401       1088   


LINKER GENERATED COPY TABLES

__TI_cinit_table @ 00000b58 records: 1, size/record: 8, table size: 8
	.data: load addr=00000b40, load size=0000000d bytes, run addr=20000000, run size=00000020 bytes, compression=lzss


LINKER GENERATED HANDLER TABLE

__TI_handler_table @ 00000b50 records: 2, size/record: 4, table size: 8
	index: 0, handler: __TI_decompress_lzss
	index: 1, handler: __TI_decompress_none


GLOBAL SYMBOLS: SORTED ALPHABETICALLY BY Name 

address   name                          
-------   ----                          
00000aa3  ADC14_IRQHandler              
00000aa3  AES256_IRQHandler             
000004b1  BoseButton_Input              
00000aa3  BusFault_Handler              
00000aa9  C$$EXIT                       
00000aa3  COMP_E0_IRQHandler            
00000aa3  COMP_E1_IRQHandler            
20000008  CPMwait                       
00000aa3  CS_IRQHandler                 
20000000  ClockFrequency                
00000819  Clock_Delay1ms                
000007ef  Clock_Delay1us                
000007db  Clock_GetFreq                 
000006c5  Clock_Init48MHz               
20000014  Crystalstable                 
00000aa3  DMA_ERR_IRQHandler            
00000aa3  DMA_INT0_IRQHandler           
00000aa3  DMA_INT1_IRQHandler           
00000aa3  DMA_INT2_IRQHandler           
00000aa3  DMA_INT3_IRQHandler           
00000aa3  DebugMon_Handler              
00000aa3  Default_Handler               
00000aa3  EUSCIA0_IRQHandler            
00000aa3  EUSCIA1_IRQHandler            
00000aa3  EUSCIA2_IRQHandler            
00000aa3  EUSCIA3_IRQHandler            
00000aa3  EUSCIB0_IRQHandler            
00000aa3  EUSCIB1_IRQHandler            
00000aa3  EUSCIB2_IRQHandler            
00000aa3  EUSCIB3_IRQHandler            
00000aa3  FLCTL_IRQHandler              
00000aa3  FPU_IRQHandler                
00000aa3  HardFault_Handler             
20000010  IFlags                        
00000675  IROutput_Off                  
0000066d  IROutput_On                   
00000419  IR_SubAssy_Init               
00000aa3  MemManage_Handler             
00000aa3  NMI_Handler                   
00000aa3  PCM_IRQHandler                
00000aa3  PORT1_IRQHandler              
00000aa3  PORT2_IRQHandler              
00000aa3  PORT3_IRQHandler              
00000aa3  PORT4_IRQHandler              
00000aa3  PORT5_IRQHandler              
00000aa3  PORT6_IRQHandler              
00000aa3  PSS_IRQHandler                
00000aa3  PendSV_Handler                
2000000c  Postwait                      
20000004  Prewait                       
0000058b  ProntoIR_Play                 
00000aa3  RTC_C_IRQHandler              
000004cf  RawIR_Play                    
00000a97  Reset_Handler                 
00000aa3  SVC_Handler                   
00000aac  SamsungTVPronto_PwrToggle     
00000aa3  SysTick_Handler               
2000001c  SystemCoreClock               
000000e5  SystemCoreClockUpdate         
0000035d  SystemInit                    
00000aa3  T32_INT1_IRQHandler           
00000aa3  T32_INT2_IRQHandler           
00000aa3  T32_INTC_IRQHandler           
00000aa3  TA0_0_IRQHandler              
00000aa3  TA0_N_IRQHandler              
00000aa3  TA1_0_IRQHandler              
00000aa3  TA1_N_IRQHandler              
00000aa3  TA2_0_IRQHandler              
00000aa3  TA2_N_IRQHandler              
00000aa3  TA3_0_IRQHandler              
00000aa3  TA3_N_IRQHandler              
00000aa3  UsageFault_Handler            
4000480c  WDTCTL_SYM                    
00000aa3  WDT_A_IRQHandler              
20010000  __STACK_END                   
00000200  __STACK_SIZE                  
00000b58  __TI_CINIT_Base               
00000b60  __TI_CINIT_Limit              
00000b50  __TI_Handler_Table_Base       
00000b58  __TI_Handler_Table_Limit      
00000a11  __TI_auto_init_nobinit_nopinit
00000941  __TI_decompress_lzss          
00000a89  __TI_decompress_none          
ffffffff  __TI_pprof_out_hndl           
ffffffff  __TI_prof_data_size           
ffffffff  __TI_prof_data_start          
00000000  __TI_static_base__            
000008a5  __aeabi_memcpy                
000008a5  __aeabi_memcpy4               
000008a5  __aeabi_memcpy8               
ffffffff  __binit__                     
ffffffff  __c_args__                    
UNDEFED   __mpu_init                    
2000fe00  __stack                       
20000000  __start___llvm_prf_cnts       
20000000  __stop___llvm_prf_cnts        
00000a55  _c_int00_noargs               
UNDEFED   _system_post_cinit            
00000aa5  _system_pre_init              
00000aa9  abort                         
ffffffff  binit                         
20000018  carrierfreq                   
000007e1  delay                         
00000000  interruptVectors              
000009a9  main                          
000008a5  memcpy                        


GLOBAL SYMBOLS: SORTED BY Symbol Address 

address   name                          
-------   ----                          
00000000  __TI_static_base__            
00000000  interruptVectors              
000000e5  SystemCoreClockUpdate         
00000200  __STACK_SIZE                  
0000035d  SystemInit                    
00000419  IR_SubAssy_Init               
000004b1  BoseButton_Input              
000004cf  RawIR_Play                    
0000058b  ProntoIR_Play                 
0000066d  IROutput_On                   
00000675  IROutput_Off                  
000006c5  Clock_Init48MHz               
000007db  Clock_GetFreq                 
000007e1  delay                         
000007ef  Clock_Delay1us                
00000819  Clock_Delay1ms                
000008a5  __aeabi_memcpy                
000008a5  __aeabi_memcpy4               
000008a5  __aeabi_memcpy8               
000008a5  memcpy                        
00000941  __TI_decompress_lzss          
000009a9  main                          
00000a11  __TI_auto_init_nobinit_nopinit
00000a55  _c_int00_noargs               
00000a89  __TI_decompress_none          
00000a97  Reset_Handler                 
00000aa3  ADC14_IRQHandler              
00000aa3  AES256_IRQHandler             
00000aa3  BusFault_Handler              
00000aa3  COMP_E0_IRQHandler            
00000aa3  COMP_E1_IRQHandler            
00000aa3  CS_IRQHandler                 
00000aa3  DMA_ERR_IRQHandler            
00000aa3  DMA_INT0_IRQHandler           
00000aa3  DMA_INT1_IRQHandler           
00000aa3  DMA_INT2_IRQHandler           
00000aa3  DMA_INT3_IRQHandler           
00000aa3  DebugMon_Handler              
00000aa3  Default_Handler               
00000aa3  EUSCIA0_IRQHandler            
00000aa3  EUSCIA1_IRQHandler            
00000aa3  EUSCIA2_IRQHandler            
00000aa3  EUSCIA3_IRQHandler            
00000aa3  EUSCIB0_IRQHandler            
00000aa3  EUSCIB1_IRQHandler            
00000aa3  EUSCIB2_IRQHandler            
00000aa3  EUSCIB3_IRQHandler            
00000aa3  FLCTL_IRQHandler              
00000aa3  FPU_IRQHandler                
00000aa3  HardFault_Handler             
00000aa3  MemManage_Handler             
00000aa3  NMI_Handler                   
00000aa3  PCM_IRQHandler                
00000aa3  PORT1_IRQHandler              
00000aa3  PORT2_IRQHandler              
00000aa3  PORT3_IRQHandler              
00000aa3  PORT4_IRQHandler              
00000aa3  PORT5_IRQHandler              
00000aa3  PORT6_IRQHandler              
00000aa3  PSS_IRQHandler                
00000aa3  PendSV_Handler                
00000aa3  RTC_C_IRQHandler              
00000aa3  SVC_Handler                   
00000aa3  SysTick_Handler               
00000aa3  T32_INT1_IRQHandler           
00000aa3  T32_INT2_IRQHandler           
00000aa3  T32_INTC_IRQHandler           
00000aa3  TA0_0_IRQHandler              
00000aa3  TA0_N_IRQHandler              
00000aa3  TA1_0_IRQHandler              
00000aa3  TA1_N_IRQHandler              
00000aa3  TA2_0_IRQHandler              
00000aa3  TA2_N_IRQHandler              
00000aa3  TA3_0_IRQHandler              
00000aa3  TA3_N_IRQHandler              
00000aa3  UsageFault_Handler            
00000aa3  WDT_A_IRQHandler              
00000aa5  _system_pre_init              
00000aa9  C$$EXIT                       
00000aa9  abort                         
00000aac  SamsungTVPronto_PwrToggle     
00000b50  __TI_Handler_Table_Base       
00000b58  __TI_CINIT_Base               
00000b58  __TI_Handler_Table_Limit      
00000b60  __TI_CINIT_Limit              
20000000  ClockFrequency                
20000000  __start___llvm_prf_cnts       
20000000  __stop___llvm_prf_cnts        
20000004  Prewait                       
20000008  CPMwait                       
2000000c  Postwait                      
20000010  IFlags                        
20000014  Crystalstable                 
20000018  carrierfreq                   
2000001c  SystemCoreClock               
2000fe00  __stack                       
20010000  __STACK_END                   
4000480c  WDTCTL_SYM                    
ffffffff  __TI_pprof_out_hndl           
ffffffff  __TI_prof_data_size           
ffffffff  __TI_prof_data_start          
ffffffff  __binit__                     
ffffffff  __c_args__                    
ffffffff  binit                         
UNDEFED   __mpu_init                    
UNDEFED   _system_post_cinit            

[106 symbols]
